/home/tecna-smart-lab/GitHub/OTA_Consulting/Firmware/OTA_Package/Middlewares/CycloneBOOT_Open_2_5_0/cyclone_boot/update/update.c:74:9:updateGetVersion	0	static
/home/tecna-smart-lab/GitHub/OTA_Consulting/Firmware/OTA_Package/Middlewares/CycloneBOOT_Open_2_5_0/cyclone_boot/update/update.c:84:6:updateGetDefaultSettings	8	static
/home/tecna-smart-lab/GitHub/OTA_Consulting/Firmware/OTA_Package/Middlewares/CycloneBOOT_Open_2_5_0/cyclone_boot/update/update.c:125:15:updateRegisterRandCallback	0	static
/home/tecna-smart-lab/GitHub/OTA_Consulting/Firmware/OTA_Package/Middlewares/CycloneBOOT_Open_2_5_0/cyclone_boot/update/update.c:242:15:updateProcess	24	static
/home/tecna-smart-lab/GitHub/OTA_Consulting/Firmware/OTA_Package/Middlewares/CycloneBOOT_Open_2_5_0/cyclone_boot/update/update.c:330:15:updateFinalize	48	static
/home/tecna-smart-lab/GitHub/OTA_Consulting/Firmware/OTA_Package/Middlewares/CycloneBOOT_Open_2_5_0/cyclone_boot/update/update.c:488:15:updateReboot	48	static
/home/tecna-smart-lab/GitHub/OTA_Consulting/Firmware/OTA_Package/Middlewares/CycloneBOOT_Open_2_5_0/cyclone_boot/update/update.c:584:15:updateCalculateOutputImageIdx	80	static
/home/tecna-smart-lab/GitHub/OTA_Consulting/Firmware/OTA_Package/Middlewares/CycloneBOOT_Open_2_5_0/cyclone_boot/update/update.c:634:15:updateGetUpdateSlot	0	static
/home/tecna-smart-lab/GitHub/OTA_Consulting/Firmware/OTA_Package/Middlewares/CycloneBOOT_Open_2_5_0/cyclone_boot/update/update.c:144:15:updateInit	16	static
