/home/tecna-smart-lab/GitHub/OTA_Consulting/Firmware/OTA_Package/Middlewares/CycloneBOOT_Open_2_5_0/cyclone_crypto/pkix/pem_export.c:57:9:pemExportCertificate	40	static
/home/tecna-smart-lab/GitHub/OTA_Consulting/Firmware/OTA_Package/Middlewares/CycloneBOOT_Open_2_5_0/cyclone_crypto/pkix/pem_export.c:90:9:pemExportCrl	40	static
/home/tecna-smart-lab/GitHub/OTA_Consulting/Firmware/OTA_Package/Middlewares/CycloneBOOT_Open_2_5_0/cyclone_crypto/pkix/pem_export.c:123:9:pemExportCsr	40	static
/home/tecna-smart-lab/GitHub/OTA_Consulting/Firmware/OTA_Package/Middlewares/CycloneBOOT_Open_2_5_0/cyclone_crypto/pkix/pem_export.c:155:9:pemExportRsaPublicKey	96	static
/home/tecna-smart-lab/GitHub/OTA_Consulting/Firmware/OTA_Package/Middlewares/CycloneBOOT_Open_2_5_0/cyclone_crypto/pkix/pem_export.c:208:9:pemExportRsaPrivateKey	128	static
/home/tecna-smart-lab/GitHub/OTA_Consulting/Firmware/OTA_Package/Middlewares/CycloneBOOT_Open_2_5_0/cyclone_crypto/pkix/pem_export.c:312:9:pemExportRsaPssPublicKey	96	static
/home/tecna-smart-lab/GitHub/OTA_Consulting/Firmware/OTA_Package/Middlewares/CycloneBOOT_Open_2_5_0/cyclone_crypto/pkix/pem_export.c:365:9:pemExportRsaPssPrivateKey	128	static
/home/tecna-smart-lab/GitHub/OTA_Consulting/Firmware/OTA_Package/Middlewares/CycloneBOOT_Open_2_5_0/cyclone_crypto/pkix/pem_export.c:469:9:pemExportDsaPublicKey	24	static
/home/tecna-smart-lab/GitHub/OTA_Consulting/Firmware/OTA_Package/Middlewares/CycloneBOOT_Open_2_5_0/cyclone_crypto/pkix/pem_export.c:522:9:pemExportDsaPrivateKey	24	static
/home/tecna-smart-lab/GitHub/OTA_Consulting/Firmware/OTA_Package/Middlewares/CycloneBOOT_Open_2_5_0/cyclone_crypto/pkix/pem_export.c:627:9:pemExportEcParameters	64	static
/home/tecna-smart-lab/GitHub/OTA_Consulting/Firmware/OTA_Package/Middlewares/CycloneBOOT_Open_2_5_0/cyclone_crypto/pkix/pem_export.c:678:9:pemExportEcPublicKey	96	static
/home/tecna-smart-lab/GitHub/OTA_Consulting/Firmware/OTA_Package/Middlewares/CycloneBOOT_Open_2_5_0/cyclone_crypto/pkix/pem_export.c:737:9:pemExportEcPrivateKey	128	static
/home/tecna-smart-lab/GitHub/OTA_Consulting/Firmware/OTA_Package/Middlewares/CycloneBOOT_Open_2_5_0/cyclone_crypto/pkix/pem_export.c:847:9:pemExportEddsaPublicKey	24	static
/home/tecna-smart-lab/GitHub/OTA_Consulting/Firmware/OTA_Package/Middlewares/CycloneBOOT_Open_2_5_0/cyclone_crypto/pkix/pem_export.c:904:9:pemExportEddsaPrivateKey	24	static
