/home/tecna-smart-lab/GitHub/OTA_Consulting/Firmware/OTA_Package/Middlewares/CycloneBOOT_Open_2_5_0/cyclone_crypto/ecc/ecdh.c:49:6:ecdhInit	8	static
/home/tecna-smart-lab/GitHub/OTA_Consulting/Firmware/OTA_Package/Middlewares/CycloneBOOT_Open_2_5_0/cyclone_crypto/ecc/ecdh.c:65:6:ecdhFree	8	static
/home/tecna-smart-lab/GitHub/OTA_Consulting/Firmware/OTA_Package/Middlewares/CycloneBOOT_Open_2_5_0/cyclone_crypto/ecc/ecdh.c:84:9:ecdhGenerateKeyPair	16	static
/home/tecna-smart-lab/GitHub/OTA_Consulting/Firmware/OTA_Package/Middlewares/CycloneBOOT_Open_2_5_0/cyclone_crypto/ecc/ecdh.c:224:9:ecdhCheckPublicKey	224	static
/home/tecna-smart-lab/GitHub/OTA_Consulting/Firmware/OTA_Package/Middlewares/CycloneBOOT_Open_2_5_0/cyclone_crypto/ecc/ecdh.c:338:9:ecdhComputeSharedSecret	432	static
