/home/tecna-smart-lab/GitHub/OTA_Consulting/Firmware/OTA_Package/Middlewares/w25q/w25q.c:60:15:w25q_build_address_command	0	static
/home/tecna-smart-lab/GitHub/OTA_Consulting/Firmware/OTA_Package/Middlewares/w25q/w25q.c:82:19:w25q_spi_command	24	static
/home/tecna-smart-lab/GitHub/OTA_Consulting/Firmware/OTA_Package/Middlewares/w25q/w25q.c:103:19:w25q_spi_transfer	24	static
/home/tecna-smart-lab/GitHub/OTA_Consulting/Firmware/OTA_Package/Middlewares/w25q/w25q.c:126:13:w25q_lock	8	static
/home/tecna-smart-lab/GitHub/OTA_Consulting/Firmware/OTA_Package/Middlewares/w25q/w25q.c:136:13:w25q_unlock	8	static
/home/tecna-smart-lab/GitHub/OTA_Consulting/Firmware/OTA_Package/Middlewares/w25q/w25q.c:146:19:w25q_detect_capacity	4	static
/home/tecna-smart-lab/GitHub/OTA_Consulting/Firmware/OTA_Package/Middlewares/w25q/w25q.c:221:19:w25q_check_address	0	static
/home/tecna-smart-lab/GitHub/OTA_Consulting/Firmware/OTA_Package/Middlewares/w25q/w25q.c:325:12:w25q_get_info	0	static
/home/tecna-smart-lab/GitHub/OTA_Consulting/Firmware/OTA_Package/Middlewares/w25q/w25q.c:335:12:w25q_read_jedec_id	24	static
/home/tecna-smart-lab/GitHub/OTA_Consulting/Firmware/OTA_Package/Middlewares/w25q/w25q.c:374:12:w25q_get_capacity	0	static
/home/tecna-smart-lab/GitHub/OTA_Consulting/Firmware/OTA_Package/Middlewares/w25q/w25q.c:384:12:w25q_read_status	24	static
/home/tecna-smart-lab/GitHub/OTA_Consulting/Firmware/OTA_Package/Middlewares/w25q/w25q.c:440:12:w25q_write_enable	8	static
/home/tecna-smart-lab/GitHub/OTA_Consulting/Firmware/OTA_Package/Middlewares/w25q/w25q.c:449:12:w25q_write_disable	8	static
/home/tecna-smart-lab/GitHub/OTA_Consulting/Firmware/OTA_Package/Middlewares/w25q/w25q.c:458:12:w25q_wait_busy	24	static
/home/tecna-smart-lab/GitHub/OTA_Consulting/Firmware/OTA_Package/Middlewares/w25q/w25q.c:418:12:w25q_write_status	24	static
/home/tecna-smart-lab/GitHub/OTA_Consulting/Firmware/OTA_Package/Middlewares/w25q/w25q.c:485:12:w25q_read	40	static
/home/tecna-smart-lab/GitHub/OTA_Consulting/Firmware/OTA_Package/Middlewares/w25q/w25q.c:539:12:w25q_page_program	32	static
/home/tecna-smart-lab/GitHub/OTA_Consulting/Firmware/OTA_Package/Middlewares/w25q/w25q.c:613:12:w25q_write	32	static
/home/tecna-smart-lab/GitHub/OTA_Consulting/Firmware/OTA_Package/Middlewares/w25q/w25q.c:652:12:w25q_erase_sector	24	static
/home/tecna-smart-lab/GitHub/OTA_Consulting/Firmware/OTA_Package/Middlewares/w25q/w25q.c:699:12:w25q_erase_block_32k	24	static
/home/tecna-smart-lab/GitHub/OTA_Consulting/Firmware/OTA_Package/Middlewares/w25q/w25q.c:742:12:w25q_erase_block_64k	24	static
/home/tecna-smart-lab/GitHub/OTA_Consulting/Firmware/OTA_Package/Middlewares/w25q/w25q.c:785:12:w25q_chip_erase	16	static
/home/tecna-smart-lab/GitHub/OTA_Consulting/Firmware/OTA_Package/Middlewares/w25q/w25q.c:815:12:w25q_power_down	8	static
/home/tecna-smart-lab/GitHub/OTA_Consulting/Firmware/OTA_Package/Middlewares/w25q/w25q.c:303:12:w25q_deinit	16	static
/home/tecna-smart-lab/GitHub/OTA_Consulting/Firmware/OTA_Package/Middlewares/w25q/w25q.c:824:12:w25q_release_power_down	8	static
/home/tecna-smart-lab/GitHub/OTA_Consulting/Firmware/OTA_Package/Middlewares/w25q/w25q.c:246:12:w25q_init	24	static
/home/tecna-smart-lab/GitHub/OTA_Consulting/Firmware/OTA_Package/Middlewares/w25q/w25q.c:833:12:w25q_set_write_protect	24	static
/home/tecna-smart-lab/GitHub/OTA_Consulting/Firmware/OTA_Package/Middlewares/w25q/w25q.c:857:12:w25q_read_uid	24	static
/home/tecna-smart-lab/GitHub/OTA_Consulting/Firmware/OTA_Package/Middlewares/w25q/w25q.c:900:12:w25q_is_erased	64	static
