/home/tecna-smart-lab/GitHub/OTA_Consulting/Firmware/OTA_Package/Middlewares/CycloneBOOT_Open_2_5_0/cyclone_crypto/aead/ccm.c:345:9:ccmFormatBlock0	24	static
/home/tecna-smart-lab/GitHub/OTA_Consulting/Firmware/OTA_Package/Middlewares/CycloneBOOT_Open_2_5_0/cyclone_crypto/aead/ccm.c:391:6:ccmXorBlock	8	static
/home/tecna-smart-lab/GitHub/OTA_Consulting/Firmware/OTA_Package/Middlewares/CycloneBOOT_Open_2_5_0/cyclone_crypto/aead/ccm.c:410:6:ccmFormatCounter0	16	static
/home/tecna-smart-lab/GitHub/OTA_Consulting/Firmware/OTA_Package/Middlewares/CycloneBOOT_Open_2_5_0/cyclone_crypto/aead/ccm.c:432:6:ccmIncCounter	4	static
/home/tecna-smart-lab/GitHub/OTA_Consulting/Firmware/OTA_Package/Middlewares/CycloneBOOT_Open_2_5_0/cyclone_crypto/aead/ccm.c:59:21:ccmEncrypt	112	static
/home/tecna-smart-lab/GitHub/OTA_Consulting/Firmware/OTA_Package/Middlewares/CycloneBOOT_Open_2_5_0/cyclone_crypto/aead/ccm.c:200:21:ccmDecrypt	120	static
