/home/tecna-smart-lab/GitHub/OTA_Consulting/Firmware/OTA_Package/Middlewares/CycloneBOOT_Open_2_5_0/cyclone_boot/security/cipher.c:54:15:cipherInit	24	static
/home/tecna-smart-lab/GitHub/OTA_Consulting/Firmware/OTA_Package/Middlewares/CycloneBOOT_Open_2_5_0/cyclone_boot/security/cipher.c:102:15:cipherSetIv	8	static
/home/tecna-smart-lab/GitHub/OTA_Consulting/Firmware/OTA_Package/Middlewares/CycloneBOOT_Open_2_5_0/cyclone_boot/security/cipher.c:125:15:cipherEncryptData	16	static
/home/tecna-smart-lab/GitHub/OTA_Consulting/Firmware/OTA_Package/Middlewares/CycloneBOOT_Open_2_5_0/cyclone_boot/security/cipher.c:171:15:cipherDecryptData	16	static
/home/tecna-smart-lab/GitHub/OTA_Consulting/Firmware/OTA_Package/Middlewares/CycloneBOOT_Open_2_5_0/cyclone_boot/security/cipher.c:217:15:cipherCheckMagicNumberCrc	24	static
/home/tecna-smart-lab/GitHub/OTA_Consulting/Firmware/OTA_Package/Middlewares/CycloneBOOT_Open_2_5_0/cyclone_boot/security/cipher.c:252:15:cipherComputeMagicNumberCrc	8	static
