/home/tecna-smart-lab/GitHub/OTA_Consulting/Firmware/OTA_Package/Middlewares/CycloneBOOT_Open_2_5_0/cyclone_crypto/encoding/oid.c:50:9:oidCheck	0	static
/home/tecna-smart-lab/GitHub/OTA_Consulting/Firmware/OTA_Package/Middlewares/CycloneBOOT_Open_2_5_0/cyclone_crypto/encoding/oid.c:103:7:oidComp	32	static
/home/tecna-smart-lab/GitHub/OTA_Consulting/Firmware/OTA_Package/Middlewares/CycloneBOOT_Open_2_5_0/cyclone_crypto/encoding/oid.c:245:8:oidMatch	28	static
/home/tecna-smart-lab/GitHub/OTA_Consulting/Firmware/OTA_Package/Middlewares/CycloneBOOT_Open_2_5_0/cyclone_crypto/encoding/oid.c:386:8:oidCountSubIdentifiers	0	static
/home/tecna-smart-lab/GitHub/OTA_Consulting/Firmware/OTA_Package/Middlewares/CycloneBOOT_Open_2_5_0/cyclone_crypto/encoding/oid.c:427:9:oidEncodeSubIdentifier	16	static
/home/tecna-smart-lab/GitHub/OTA_Consulting/Firmware/OTA_Package/Middlewares/CycloneBOOT_Open_2_5_0/cyclone_crypto/encoding/oid.c:475:9:oidDecodeSubIdentifier	8	static
/home/tecna-smart-lab/GitHub/OTA_Consulting/Firmware/OTA_Package/Middlewares/CycloneBOOT_Open_2_5_0/cyclone_crypto/encoding/oid.c:519:9:oidFromString	32	static
/home/tecna-smart-lab/GitHub/OTA_Consulting/Firmware/OTA_Package/Middlewares/CycloneBOOT_Open_2_5_0/cyclone_crypto/encoding/oid.c:659:9:oidToString	48	static
/home/tecna-smart-lab/GitHub/OTA_Consulting/Firmware/OTA_Package/Middlewares/CycloneBOOT_Open_2_5_0/cyclone_crypto/encoding/oid.c:746:9:maskFromString	16	static
