/home/tecna-smart-lab/GitHub/OTA_Consulting/Firmware/OTA_Package/Middlewares/CycloneBOOT_Open_2_5_0/cyclone_boot/drivers/memory/flash/internal/stm32f4xx_flash_driver.c:203:9:stm32f4xxFlashDriverDeInit	0	static
/home/tecna-smart-lab/GitHub/OTA_Consulting/Firmware/OTA_Package/Middlewares/CycloneBOOT_Open_2_5_0/cyclone_boot/drivers/memory/flash/internal/stm32f4xx_flash_driver.c:215:9:stm32f4xxFlashDriverGetInfo	0	static
/home/tecna-smart-lab/GitHub/OTA_Consulting/Firmware/OTA_Package/Middlewares/CycloneBOOT_Open_2_5_0/cyclone_boot/drivers/memory/flash/internal/stm32f4xx_flash_driver.c:231:9:stm32f4xxFlashDriverGetStatus	0	static
/home/tecna-smart-lab/GitHub/OTA_Consulting/Firmware/OTA_Package/Middlewares/CycloneBOOT_Open_2_5_0/cyclone_boot/drivers/memory/flash/internal/stm32f4xx_flash_driver.c:359:9:stm32f4xxFlashDriverRead	0	static
/home/tecna-smart-lab/GitHub/OTA_Consulting/Firmware/OTA_Package/Middlewares/CycloneBOOT_Open_2_5_0/cyclone_boot/drivers/memory/flash/internal/stm32f4xx_flash_driver.c:675:9:stm32f4xxFlashDriverGetNextSector	16	static
/home/tecna-smart-lab/GitHub/OTA_Consulting/Firmware/OTA_Package/Middlewares/CycloneBOOT_Open_2_5_0/cyclone_boot/drivers/memory/flash/internal/stm32f4xx_flash_driver.c:184:9:stm32f4xxFlashDriverInit	8	static
/home/tecna-smart-lab/GitHub/OTA_Consulting/Firmware/OTA_Package/Middlewares/CycloneBOOT_Open_2_5_0/cyclone_boot/drivers/memory/flash/internal/stm32f4xx_flash_driver.c:474:9:stm32f4xxFlashDriverSwapBanks	0	static
/home/tecna-smart-lab/GitHub/OTA_Consulting/Firmware/OTA_Package/Middlewares/CycloneBOOT_Open_2_5_0/cyclone_boot/drivers/memory/flash/internal/stm32f4xx_flash_driver.c:597:9:flashDriverSwapBanksNoInit	0	static
/home/tecna-smart-lab/GitHub/OTA_Consulting/Firmware/OTA_Package/Middlewares/CycloneBOOT_Open_2_5_0/cyclone_boot/drivers/memory/flash/internal/stm32f4xx_flash_driver.c:753:9:stm32f4xxFlashDriverEraseSector	40	static
/home/tecna-smart-lab/GitHub/OTA_Consulting/Firmware/OTA_Package/Middlewares/CycloneBOOT_Open_2_5_0/cyclone_boot/drivers/memory/flash/internal/stm32f4xx_flash_driver.c:988:7:stm32f4xxFlashGetSector	12	static
/home/tecna-smart-lab/GitHub/OTA_Consulting/Firmware/OTA_Package/Middlewares/CycloneBOOT_Open_2_5_0/cyclone_boot/drivers/memory/flash/internal/stm32f4xx_flash_driver.c:400:9:stm32f4xxFlashDriverErase	24	static
/home/tecna-smart-lab/GitHub/OTA_Consulting/Firmware/OTA_Package/Middlewares/CycloneBOOT_Open_2_5_0/cyclone_boot/drivers/memory/flash/internal/stm32f4xx_flash_driver.c:726:8:stm32f4xxFlashDriverIsSectorAddr	8	static
/home/tecna-smart-lab/GitHub/OTA_Consulting/Firmware/OTA_Package/Middlewares/CycloneBOOT_Open_2_5_0/cyclone_boot/drivers/memory/flash/internal/stm32f4xx_flash_driver.c:831:9:stm32f4xxFlashDriverWriteWord	48	static
/home/tecna-smart-lab/GitHub/OTA_Consulting/Firmware/OTA_Package/Middlewares/CycloneBOOT_Open_2_5_0/cyclone_boot/drivers/memory/flash/internal/stm32f4xx_flash_driver.c:281:9:stm32f4xxFlashDriverWrite	32	static
