/home/tecna-smart-lab/GitHub/OTA_Consulting/Firmware/OTA_Package/Middlewares/CycloneBOOT_Open_2_5_0/cyclone_boot/drivers/memory/flash/internal/stm32f4xx_flash_driver.c:474:9:stm32f4xxFlashDriverSwapBanks	4	static
/home/tecna-smart-lab/GitHub/OTA_Consulting/Firmware/OTA_Package/Middlewares/CycloneBOOT_Open_2_5_0/cyclone_boot/drivers/memory/flash/internal/stm32f4xx_flash_driver.c:184:9:stm32f4xxFlashDriverInit	8	static
/home/tecna-smart-lab/GitHub/OTA_Consulting/Firmware/OTA_Package/Middlewares/CycloneBOOT_Open_2_5_0/cyclone_boot/drivers/memory/flash/internal/stm32f4xx_flash_driver.c:203:9:stm32f4xxFlashDriverDeInit	4	static
/home/tecna-smart-lab/GitHub/OTA_Consulting/Firmware/OTA_Package/Middlewares/CycloneBOOT_Open_2_5_0/cyclone_boot/drivers/memory/flash/internal/stm32f4xx_flash_driver.c:215:9:stm32f4xxFlashDriverGetInfo	16	static
/home/tecna-smart-lab/GitHub/OTA_Consulting/Firmware/OTA_Package/Middlewares/CycloneBOOT_Open_2_5_0/cyclone_boot/drivers/memory/flash/internal/stm32f4xx_flash_driver.c:231:9:stm32f4xxFlashDriverGetStatus	24	static
/home/tecna-smart-lab/GitHub/OTA_Consulting/Firmware/OTA_Package/Middlewares/CycloneBOOT_Open_2_5_0/cyclone_boot/drivers/memory/flash/internal/stm32f4xx_flash_driver.c:281:9:stm32f4xxFlashDriverWrite	48	static
/home/tecna-smart-lab/GitHub/OTA_Consulting/Firmware/OTA_Package/Middlewares/CycloneBOOT_Open_2_5_0/cyclone_boot/drivers/memory/flash/internal/stm32f4xx_flash_driver.c:359:9:stm32f4xxFlashDriverRead	32	static
/home/tecna-smart-lab/GitHub/OTA_Consulting/Firmware/OTA_Package/Middlewares/CycloneBOOT_Open_2_5_0/cyclone_boot/drivers/memory/flash/internal/stm32f4xx_flash_driver.c:400:9:stm32f4xxFlashDriverErase	40	static
/home/tecna-smart-lab/GitHub/OTA_Consulting/Firmware/OTA_Package/Middlewares/CycloneBOOT_Open_2_5_0/cyclone_boot/drivers/memory/flash/internal/stm32f4xx_flash_driver.c:597:9:flashDriverSwapBanksNoInit	16	static
/home/tecna-smart-lab/GitHub/OTA_Consulting/Firmware/OTA_Package/Middlewares/CycloneBOOT_Open_2_5_0/cyclone_boot/drivers/memory/flash/internal/stm32f4xx_flash_driver.c:675:9:stm32f4xxFlashDriverGetNextSector	40	static
/home/tecna-smart-lab/GitHub/OTA_Consulting/Firmware/OTA_Package/Middlewares/CycloneBOOT_Open_2_5_0/cyclone_boot/drivers/memory/flash/internal/stm32f4xx_flash_driver.c:726:8:stm32f4xxFlashDriverIsSectorAddr	24	static
/home/tecna-smart-lab/GitHub/OTA_Consulting/Firmware/OTA_Package/Middlewares/CycloneBOOT_Open_2_5_0/cyclone_boot/drivers/memory/flash/internal/stm32f4xx_flash_driver.c:753:9:stm32f4xxFlashDriverEraseSector	48	static
/home/tecna-smart-lab/GitHub/OTA_Consulting/Firmware/OTA_Package/Middlewares/CycloneBOOT_Open_2_5_0/cyclone_boot/drivers/memory/flash/internal/stm32f4xx_flash_driver.c:831:9:stm32f4xxFlashDriverWriteWord	64	static
/home/tecna-smart-lab/GitHub/OTA_Consulting/Firmware/OTA_Package/Middlewares/CycloneBOOT_Open_2_5_0/cyclone_boot/drivers/memory/flash/internal/stm32f4xx_flash_driver.c:988:7:stm32f4xxFlashGetSector	40	static
